Load map
========

Module:  colony.obj
 Text segment:  100 bytes, load point 0x00400000
 Data segment:  7672 bytes, load point 0x10000000
 Symbols:
            Name Section Mode    Value
       e_a_cells   Data   R   0x10001c76
            pipe   Data   R   0x10001c34
     w_locations   Data   R   0x10001dd8
           minus   Data   R   0x10001c38
       grid_main   Data   R   0x10000010
    w_board_size   Data   R   0x10001d48
       grid_temp   Data   R   0x10000e20
               a   Data   R   0x10001c3a
               b   Data   R   0x10001c3c
        READ_INT          A   0x00000005
         gen_end   Data   R   0x10001d3f
       MAX_CELLS          A   0x00000384
     e_locations   Data   R   0x10001cca
    e_generation   Data   R   0x10001c51
         newline   Data   R   0x10001c30
       e_b_cells   Data   R   0x10001ca0
    w_generation   Data   R   0x10001d71
    PRINT_STRING          A   0x00000004
            main   Text   RG  0x00400000
          banner   Data   R   0x10001ce3
         w_cells   Data   R   0x10001da5
           space   Data   R   0x10001c32
      input_data   Data   R   0x10000000
            plus   Data   R   0x10001c36
       gen_start   Data   R   0x10001d2b
    e_board_size   Data   R   0x10001c3e
       PRINT_INT          A   0x00000001

Module:  r2k_startup.obj
 Text segment:  36 bytes, load point 0x00400064
 Symbols:
            Name Section Mode    Value
       SYS_EXIT2          A   0x00000011
  __r2k__entry__   Text   RG  0x00400068
